[1.039s] Invoking command in '/home/csenge/Documents/mecanumbot_ws/src/mecanumbot_behaviours/mecanumbot_autoslam/build/mecanumbot_autoslam': CONDA_PROMPT_MODIFIER=(base) PYTHONPATH=/home/csenge/Documents/mecanumbot_ws/src/mecanumbot_behaviours/mecanumbot_autoslam/build/mecanumbot_autoslam/prefix_override:/usr/lib/python3/dist-packages/colcon_core/task/python/colcon_distutils_commands:/home/csenge/Documents/mecanumbot_ws/src/mecanumbot_behaviours/mecanumbot_autoslam/install/mecanumbot_autoslam/lib/python3.10/site-packages:${PYTHONPATH} /usr/bin/python3 -W ignore:setup.py install is deprecated -W ignore:easy_install command is deprecated setup.py develop --editable --build-directory /home/csenge/Documents/mecanumbot_ws/src/mecanumbot_behaviours/mecanumbot_autoslam/build/mecanumbot_autoslam/build --no-deps symlink_data
[1.305s] running develop
[1.508s] running egg_info
[1.508s] creating mecanumbot_autoslam.egg-info
[1.509s] writing mecanumbot_autoslam.egg-info/PKG-INFO
[1.509s] writing dependency_links to mecanumbot_autoslam.egg-info/dependency_links.txt
[1.509s] writing entry points to mecanumbot_autoslam.egg-info/entry_points.txt
[1.509s] writing requirements to mecanumbot_autoslam.egg-info/requires.txt
[1.509s] writing top-level names to mecanumbot_autoslam.egg-info/top_level.txt
[1.509s] writing manifest file 'mecanumbot_autoslam.egg-info/SOURCES.txt'
[1.511s] reading manifest file 'mecanumbot_autoslam.egg-info/SOURCES.txt'
[1.512s] writing manifest file 'mecanumbot_autoslam.egg-info/SOURCES.txt'
[1.513s] running build_ext
[1.513s] Creating /home/csenge/Documents/mecanumbot_ws/src/mecanumbot_behaviours/mecanumbot_autoslam/install/mecanumbot_autoslam/lib/python3.10/site-packages/mecanumbot-autoslam.egg-link (link to .)
[1.514s] Installing autoslam_node script to /home/csenge/Documents/mecanumbot_ws/src/mecanumbot_behaviours/mecanumbot_autoslam/install/mecanumbot_autoslam/lib/mecanumbot_autoslam
[1.514s] Installing autoslam_preflight script to /home/csenge/Documents/mecanumbot_ws/src/mecanumbot_behaviours/mecanumbot_autoslam/install/mecanumbot_autoslam/lib/mecanumbot_autoslam
[1.514s] 
[1.514s] Installed /home/csenge/Documents/mecanumbot_ws/src/mecanumbot_behaviours/mecanumbot_autoslam/build/mecanumbot_autoslam
[1.514s] running symlink_data
[1.515s] creating /home/csenge/Documents/mecanumbot_ws/src/mecanumbot_behaviours/mecanumbot_autoslam/install/mecanumbot_autoslam/share/ament_index
[1.515s] creating /home/csenge/Documents/mecanumbot_ws/src/mecanumbot_behaviours/mecanumbot_autoslam/install/mecanumbot_autoslam/share/ament_index/resource_index
[1.515s] creating /home/csenge/Documents/mecanumbot_ws/src/mecanumbot_behaviours/mecanumbot_autoslam/install/mecanumbot_autoslam/share/ament_index/resource_index/packages
[1.515s] symbolically linking /home/csenge/Documents/mecanumbot_ws/src/mecanumbot_behaviours/mecanumbot_autoslam/build/mecanumbot_autoslam/resource/mecanumbot_autoslam -> /home/csenge/Documents/mecanumbot_ws/src/mecanumbot_behaviours/mecanumbot_autoslam/install/mecanumbot_autoslam/share/ament_index/resource_index/packages
[1.515s] symbolically linking /home/csenge/Documents/mecanumbot_ws/src/mecanumbot_behaviours/mecanumbot_autoslam/build/mecanumbot_autoslam/package.xml -> /home/csenge/Documents/mecanumbot_ws/src/mecanumbot_behaviours/mecanumbot_autoslam/install/mecanumbot_autoslam/share/mecanumbot_autoslam
[1.515s] creating /home/csenge/Documents/mecanumbot_ws/src/mecanumbot_behaviours/mecanumbot_autoslam/install/mecanumbot_autoslam/share/mecanumbot_autoslam/launch
[1.515s] symbolically linking /home/csenge/Documents/mecanumbot_ws/src/mecanumbot_behaviours/mecanumbot_autoslam/build/mecanumbot_autoslam/launch/launch_autoslam.launch.py -> /home/csenge/Documents/mecanumbot_ws/src/mecanumbot_behaviours/mecanumbot_autoslam/install/mecanumbot_autoslam/share/mecanumbot_autoslam/launch
[1.515s] symbolically linking /home/csenge/Documents/mecanumbot_ws/src/mecanumbot_behaviours/mecanumbot_autoslam/build/mecanumbot_autoslam/launch/launch_t1.launch.py -> /home/csenge/Documents/mecanumbot_ws/src/mecanumbot_behaviours/mecanumbot_autoslam/install/mecanumbot_autoslam/share/mecanumbot_autoslam/launch
[1.515s] creating /home/csenge/Documents/mecanumbot_ws/src/mecanumbot_behaviours/mecanumbot_autoslam/install/mecanumbot_autoslam/share/mecanumbot_autoslam/config
[1.515s] symbolically linking /home/csenge/Documents/mecanumbot_ws/src/mecanumbot_behaviours/mecanumbot_autoslam/build/mecanumbot_autoslam/config/autoslam_setting_constants.yaml -> /home/csenge/Documents/mecanumbot_ws/src/mecanumbot_behaviours/mecanumbot_autoslam/install/mecanumbot_autoslam/share/mecanumbot_autoslam/config
[1.548s] Invoked command in '/home/csenge/Documents/mecanumbot_ws/src/mecanumbot_behaviours/mecanumbot_autoslam/build/mecanumbot_autoslam' returned '0': CONDA_PROMPT_MODIFIER=(base) PYTHONPATH=/home/csenge/Documents/mecanumbot_ws/src/mecanumbot_behaviours/mecanumbot_autoslam/build/mecanumbot_autoslam/prefix_override:/usr/lib/python3/dist-packages/colcon_core/task/python/colcon_distutils_commands:/home/csenge/Documents/mecanumbot_ws/src/mecanumbot_behaviours/mecanumbot_autoslam/install/mecanumbot_autoslam/lib/python3.10/site-packages:${PYTHONPATH} /usr/bin/python3 -W ignore:setup.py install is deprecated -W ignore:easy_install command is deprecated setup.py develop --editable --build-directory /home/csenge/Documents/mecanumbot_ws/src/mecanumbot_behaviours/mecanumbot_autoslam/build/mecanumbot_autoslam/build --no-deps symlink_data
