[0.109s] colcon DEBUG Command line arguments: ['/usr/bin/colcon', 'build', '--symlink-install', '--packages-select', 'mecanumbot_custom_nav2', 'mecanumbot_autoslam', 'mecanumbot_web', 'mecanumbot_behaviours']
[0.109s] colcon DEBUG Parsed command line arguments: Namespace(log_base=None, log_level=None, verb_name='build', build_base='build', install_base='install', merge_install=False, symlink_install=True, test_result_base=None, continue_on_error=False, executor='parallel', parallel_workers=16, event_handlers=None, ignore_user_meta=False, metas=['./colcon.meta'], base_paths=['.'], packages_ignore=None, packages_ignore_regex=None, paths=None, packages_up_to=None, packages_up_to_regex=None, packages_above=None, packages_above_and_dependencies=None, packages_above_depth=None, packages_select_by_dep=None, packages_skip_by_dep=None, packages_skip_up_to=None, packages_select_build_failed=False, packages_skip_build_finished=False, packages_select_test_failures=False, packages_skip_test_passed=False, packages_select=['mecanumbot_custom_nav2', 'mecanumbot_autoslam', 'mecanumbot_web', 'mecanumbot_behaviours'], packages_skip=None, packages_select_regex=None, packages_skip_regex=None, packages_start=None, packages_end=None, allow_overriding=[], cmake_args=None, cmake_target=None, cmake_target_skip_unavailable=False, cmake_clean_cache=False, cmake_clean_first=False, cmake_force_configure=False, ament_cmake_args=None, catkin_cmake_args=None, catkin_skip_building_tests=False, mixin_files=None, mixin=None, verb_parser=<colcon_mixin.mixin.mixin_argument.MixinArgumentDecorator object at 0x7f261188f100>, verb_extension=<colcon_core.verb.build.BuildVerb object at 0x7f261188e4a0>, main=<bound method BuildVerb.main of <colcon_core.verb.build.BuildVerb object at 0x7f261188e4a0>>, mixin_verb=('build',))
[0.291s] colcon.colcon_core.package_discovery Level 1 discover_packages(colcon_meta) check parameters
[0.291s] colcon.colcon_core.package_discovery Level 1 discover_packages(recursive) check parameters
[0.291s] colcon.colcon_core.package_discovery Level 1 discover_packages(ignore) check parameters
[0.291s] colcon.colcon_core.package_discovery Level 1 discover_packages(path) check parameters
[0.291s] colcon.colcon_core.package_discovery Level 1 discover_packages(colcon_meta) discover
[0.291s] colcon.colcon_core.package_discovery Level 1 discover_packages(recursive) discover
[0.291s] colcon.colcon_core.package_discovery INFO Crawling recursively for packages in '/home/csenge/Documents/mecanumbot_ws/src/mecanumbot_behaviours/mecanumbot_autoslam'
[0.291s] colcon.colcon_core.package_identification Level 1 _identify(.) by extensions ['ignore', 'ignore_ament_install']
[0.291s] colcon.colcon_core.package_identification Level 1 _identify(.) by extension 'ignore'
[0.291s] colcon.colcon_core.package_identification Level 1 _identify(.) by extension 'ignore_ament_install'
[0.291s] colcon.colcon_core.package_identification Level 1 _identify(.) by extensions ['colcon_pkg']
[0.291s] colcon.colcon_core.package_identification Level 1 _identify(.) by extension 'colcon_pkg'
[0.291s] colcon.colcon_core.package_identification Level 1 _identify(.) by extensions ['colcon_meta']
[0.291s] colcon.colcon_core.package_identification Level 1 _identify(.) by extension 'colcon_meta'
[0.291s] colcon.colcon_core.package_identification Level 1 _identify(.) by extensions ['ros']
[0.291s] colcon.colcon_core.package_identification Level 1 _identify(.) by extension 'ros'
[0.315s] colcon.colcon_core.package_identification DEBUG Package '.' with type 'ros.ament_python' and name 'mecanumbot_autoslam'
[0.315s] colcon.colcon_core.package_discovery Level 1 discover_packages(recursive) using defaults
[0.315s] colcon.colcon_core.package_discovery Level 1 discover_packages(ignore) discover
[0.315s] colcon.colcon_core.package_discovery Level 1 discover_packages(ignore) using defaults
[0.315s] colcon.colcon_core.package_discovery Level 1 discover_packages(path) discover
[0.315s] colcon.colcon_core.package_discovery Level 1 discover_packages(path) using defaults
[0.315s] colcon.colcon_core.package_selection WARNING ignoring unknown package 'mecanumbot_custom_nav2' in --packages-select
[0.315s] colcon.colcon_core.package_selection WARNING ignoring unknown package 'mecanumbot_web' in --packages-select
[0.315s] colcon.colcon_core.package_selection WARNING ignoring unknown package 'mecanumbot_behaviours' in --packages-select
[0.329s] colcon.colcon_core.package_discovery Level 1 discover_packages(prefix_path) check parameters
[0.329s] colcon.colcon_core.package_discovery Level 1 discover_packages(prefix_path) discover
[0.331s] colcon.colcon_installed_package_information.package_discovery DEBUG Found 27 installed packages in /home/csenge/Documents/mecanumbot_ws/install
[0.332s] colcon.colcon_installed_package_information.package_discovery DEBUG Found 274 installed packages in /opt/ros/humble
[0.333s] colcon.colcon_core.package_discovery Level 1 discover_packages(prefix_path) using defaults
[0.360s] colcon.colcon_core.verb Level 5 set package 'mecanumbot_autoslam' build argument 'cmake_args' from command line to 'None'
[0.360s] colcon.colcon_core.verb Level 5 set package 'mecanumbot_autoslam' build argument 'cmake_target' from command line to 'None'
[0.360s] colcon.colcon_core.verb Level 5 set package 'mecanumbot_autoslam' build argument 'cmake_target_skip_unavailable' from command line to 'False'
[0.360s] colcon.colcon_core.verb Level 5 set package 'mecanumbot_autoslam' build argument 'cmake_clean_cache' from command line to 'False'
[0.360s] colcon.colcon_core.verb Level 5 set package 'mecanumbot_autoslam' build argument 'cmake_clean_first' from command line to 'False'
[0.360s] colcon.colcon_core.verb Level 5 set package 'mecanumbot_autoslam' build argument 'cmake_force_configure' from command line to 'False'
[0.360s] colcon.colcon_core.verb Level 5 set package 'mecanumbot_autoslam' build argument 'ament_cmake_args' from command line to 'None'
[0.360s] colcon.colcon_core.verb Level 5 set package 'mecanumbot_autoslam' build argument 'catkin_cmake_args' from command line to 'None'
[0.360s] colcon.colcon_core.verb Level 5 set package 'mecanumbot_autoslam' build argument 'catkin_skip_building_tests' from command line to 'False'
[0.360s] colcon.colcon_core.verb DEBUG Building package 'mecanumbot_autoslam' with the following arguments: {'ament_cmake_args': None, 'build_base': '/home/csenge/Documents/mecanumbot_ws/src/mecanumbot_behaviours/mecanumbot_autoslam/build/mecanumbot_autoslam', 'catkin_cmake_args': None, 'catkin_skip_building_tests': False, 'cmake_args': None, 'cmake_clean_cache': False, 'cmake_clean_first': False, 'cmake_force_configure': False, 'cmake_target': None, 'cmake_target_skip_unavailable': False, 'install_base': '/home/csenge/Documents/mecanumbot_ws/src/mecanumbot_behaviours/mecanumbot_autoslam/install/mecanumbot_autoslam', 'merge_install': False, 'path': '/home/csenge/Documents/mecanumbot_ws/src/mecanumbot_behaviours/mecanumbot_autoslam', 'symlink_install': True, 'test_result_base': None}
[0.360s] colcon.colcon_core.executor INFO Executing jobs using 'parallel' executor
[0.361s] colcon.colcon_parallel_executor.executor.parallel DEBUG run_until_complete
[0.361s] colcon.colcon_ros.task.ament_python.build INFO Building ROS package in '/home/csenge/Documents/mecanumbot_ws/src/mecanumbot_behaviours/mecanumbot_autoslam' with build type 'ament_python'
[0.361s] colcon.colcon_core.shell Level 1 create_environment_hook('mecanumbot_autoslam', 'ament_prefix_path')
[0.363s] colcon.colcon_core.plugin_system INFO Skipping extension 'colcon_core.shell.bat': Not used on non-Windows systems
[0.364s] colcon.colcon_core.shell INFO Creating environment hook '/home/csenge/Documents/mecanumbot_ws/src/mecanumbot_behaviours/mecanumbot_autoslam/install/mecanumbot_autoslam/share/mecanumbot_autoslam/hook/ament_prefix_path.ps1'
[0.364s] colcon.colcon_core.shell INFO Creating environment descriptor '/home/csenge/Documents/mecanumbot_ws/src/mecanumbot_behaviours/mecanumbot_autoslam/install/mecanumbot_autoslam/share/mecanumbot_autoslam/hook/ament_prefix_path.dsv'
[0.364s] colcon.colcon_core.shell INFO Creating environment hook '/home/csenge/Documents/mecanumbot_ws/src/mecanumbot_behaviours/mecanumbot_autoslam/install/mecanumbot_autoslam/share/mecanumbot_autoslam/hook/ament_prefix_path.sh'
[0.365s] colcon.colcon_core.shell INFO Skip shell extension 'powershell' for command environment: Not usable outside of PowerShell
[0.365s] colcon.colcon_core.shell DEBUG Skip shell extension 'dsv' for command environment
[0.695s] colcon.colcon_core.task.python.build INFO Building Python package in '/home/csenge/Documents/mecanumbot_ws/src/mecanumbot_behaviours/mecanumbot_autoslam'
[0.696s] colcon.colcon_core.shell INFO Skip shell extension 'powershell' for command environment: Not usable outside of PowerShell
[0.696s] colcon.colcon_core.shell DEBUG Skip shell extension 'dsv' for command environment
[1.102s] colcon.colcon_core.task.python.build DEBUG Available setuptools commands: install_scripts, build_py, install_egg_info, build_ext, install_headers, update_catalog, check, extract_messages, alias, saveopts, bdist, build_scripts, easy_install, sdist, symlink_data, install_data, dist_info, test, register, install, clean, bdist_egg, rotate, bdist_wheel, setopt, bdist_dumb, upload, develop, egg_info, upload_docs, build_clib, install_lib, compile_catalog, init_catalog, build, bdist_rpm
[1.399s] colcon.colcon_core.task.python.build DEBUG Available setuptools 'develop' options: --egg-path, --version, --no-user-cfg, --help, --script-dir, --exclude-scripts, --no-find-links, --build-directory, --dry-run, --user, --allow-hosts, --quiet, --no-deps, --upgrade, --editable, --force-installation-into-system-dir, --local-snapshots-ok, --uninstall, --record, --multi-version, --install-layout, --prefix, --install-dir, --find-links, --optimize, --always-copy, --index-url, --always-unzip, --site-dirs, --verbose, --zip-ok
[1.401s] colcon.colcon_core.event_handler.log_command DEBUG Invoking command in '/home/csenge/Documents/mecanumbot_ws/src/mecanumbot_behaviours/mecanumbot_autoslam/build/mecanumbot_autoslam': CONDA_PROMPT_MODIFIER=(base) PYTHONPATH=/home/csenge/Documents/mecanumbot_ws/src/mecanumbot_behaviours/mecanumbot_autoslam/build/mecanumbot_autoslam/prefix_override:/usr/lib/python3/dist-packages/colcon_core/task/python/colcon_distutils_commands:/home/csenge/Documents/mecanumbot_ws/src/mecanumbot_behaviours/mecanumbot_autoslam/install/mecanumbot_autoslam/lib/python3.10/site-packages:${PYTHONPATH} /usr/bin/python3 -W ignore:setup.py install is deprecated -W ignore:easy_install command is deprecated setup.py develop --editable --build-directory /home/csenge/Documents/mecanumbot_ws/src/mecanumbot_behaviours/mecanumbot_autoslam/build/mecanumbot_autoslam/build --no-deps symlink_data
[1.909s] colcon.colcon_core.shell Level 1 create_environment_hook('mecanumbot_autoslam', 'pythonpath_develop')
[1.910s] colcon.colcon_core.event_handler.log_command DEBUG Invoked command in '/home/csenge/Documents/mecanumbot_ws/src/mecanumbot_behaviours/mecanumbot_autoslam/build/mecanumbot_autoslam' returned '0': CONDA_PROMPT_MODIFIER=(base) PYTHONPATH=/home/csenge/Documents/mecanumbot_ws/src/mecanumbot_behaviours/mecanumbot_autoslam/build/mecanumbot_autoslam/prefix_override:/usr/lib/python3/dist-packages/colcon_core/task/python/colcon_distutils_commands:/home/csenge/Documents/mecanumbot_ws/src/mecanumbot_behaviours/mecanumbot_autoslam/install/mecanumbot_autoslam/lib/python3.10/site-packages:${PYTHONPATH} /usr/bin/python3 -W ignore:setup.py install is deprecated -W ignore:easy_install command is deprecated setup.py develop --editable --build-directory /home/csenge/Documents/mecanumbot_ws/src/mecanumbot_behaviours/mecanumbot_autoslam/build/mecanumbot_autoslam/build --no-deps symlink_data
[1.910s] colcon.colcon_core.shell INFO Creating environment hook '/home/csenge/Documents/mecanumbot_ws/src/mecanumbot_behaviours/mecanumbot_autoslam/build/mecanumbot_autoslam/share/mecanumbot_autoslam/hook/pythonpath_develop.ps1'
[1.911s] colcon.colcon_core.shell INFO Creating environment descriptor '/home/csenge/Documents/mecanumbot_ws/src/mecanumbot_behaviours/mecanumbot_autoslam/build/mecanumbot_autoslam/share/mecanumbot_autoslam/hook/pythonpath_develop.dsv'
[1.912s] colcon.colcon_core.shell INFO Creating environment hook '/home/csenge/Documents/mecanumbot_ws/src/mecanumbot_behaviours/mecanumbot_autoslam/build/mecanumbot_autoslam/share/mecanumbot_autoslam/hook/pythonpath_develop.sh'
[1.914s] colcon.colcon_core.environment Level 1 checking '/home/csenge/Documents/mecanumbot_ws/src/mecanumbot_behaviours/mecanumbot_autoslam/install/mecanumbot_autoslam' for CMake module files
[1.914s] colcon.colcon_core.environment Level 1 checking '/home/csenge/Documents/mecanumbot_ws/src/mecanumbot_behaviours/mecanumbot_autoslam/install/mecanumbot_autoslam' for CMake config files
[1.915s] colcon.colcon_core.environment Level 1 checking '/home/csenge/Documents/mecanumbot_ws/src/mecanumbot_behaviours/mecanumbot_autoslam/install/mecanumbot_autoslam/lib'
[1.915s] colcon.colcon_core.environment Level 1 checking '/home/csenge/Documents/mecanumbot_ws/src/mecanumbot_behaviours/mecanumbot_autoslam/install/mecanumbot_autoslam/bin'
[1.915s] colcon.colcon_core.environment Level 1 checking '/home/csenge/Documents/mecanumbot_ws/src/mecanumbot_behaviours/mecanumbot_autoslam/install/mecanumbot_autoslam/lib/pkgconfig/mecanumbot_autoslam.pc'
[1.915s] colcon.colcon_core.environment Level 1 checking '/home/csenge/Documents/mecanumbot_ws/src/mecanumbot_behaviours/mecanumbot_autoslam/install/mecanumbot_autoslam/lib/python3.10/site-packages'
[1.915s] colcon.colcon_core.shell Level 1 create_environment_hook('mecanumbot_autoslam', 'pythonpath')
[1.916s] colcon.colcon_core.shell INFO Creating environment hook '/home/csenge/Documents/mecanumbot_ws/src/mecanumbot_behaviours/mecanumbot_autoslam/install/mecanumbot_autoslam/share/mecanumbot_autoslam/hook/pythonpath.ps1'
[1.916s] colcon.colcon_core.shell INFO Creating environment descriptor '/home/csenge/Documents/mecanumbot_ws/src/mecanumbot_behaviours/mecanumbot_autoslam/install/mecanumbot_autoslam/share/mecanumbot_autoslam/hook/pythonpath.dsv'
[1.916s] colcon.colcon_core.shell INFO Creating environment hook '/home/csenge/Documents/mecanumbot_ws/src/mecanumbot_behaviours/mecanumbot_autoslam/install/mecanumbot_autoslam/share/mecanumbot_autoslam/hook/pythonpath.sh'
[1.917s] colcon.colcon_core.environment Level 1 checking '/home/csenge/Documents/mecanumbot_ws/src/mecanumbot_behaviours/mecanumbot_autoslam/install/mecanumbot_autoslam/bin'
[1.917s] colcon.colcon_core.environment Level 1 create_environment_scripts_only(mecanumbot_autoslam)
[1.918s] colcon.colcon_core.shell INFO Creating package script '/home/csenge/Documents/mecanumbot_ws/src/mecanumbot_behaviours/mecanumbot_autoslam/install/mecanumbot_autoslam/share/mecanumbot_autoslam/package.ps1'
[1.919s] colcon.colcon_core.shell INFO Creating package descriptor '/home/csenge/Documents/mecanumbot_ws/src/mecanumbot_behaviours/mecanumbot_autoslam/install/mecanumbot_autoslam/share/mecanumbot_autoslam/package.dsv'
[1.919s] colcon.colcon_core.shell INFO Creating package script '/home/csenge/Documents/mecanumbot_ws/src/mecanumbot_behaviours/mecanumbot_autoslam/install/mecanumbot_autoslam/share/mecanumbot_autoslam/package.sh'
[1.919s] colcon.colcon_core.shell INFO Creating package script '/home/csenge/Documents/mecanumbot_ws/src/mecanumbot_behaviours/mecanumbot_autoslam/install/mecanumbot_autoslam/share/mecanumbot_autoslam/package.bash'
[1.920s] colcon.colcon_core.shell INFO Creating package script '/home/csenge/Documents/mecanumbot_ws/src/mecanumbot_behaviours/mecanumbot_autoslam/install/mecanumbot_autoslam/share/mecanumbot_autoslam/package.zsh'
[1.921s] colcon.colcon_core.environment Level 1 create_file_with_runtime_dependencies(/home/csenge/Documents/mecanumbot_ws/src/mecanumbot_behaviours/mecanumbot_autoslam/install/mecanumbot_autoslam/share/colcon-core/packages/mecanumbot_autoslam)
[1.921s] colcon.colcon_parallel_executor.executor.parallel DEBUG closing loop
[1.921s] colcon.colcon_parallel_executor.executor.parallel DEBUG loop closed
[1.921s] colcon.colcon_parallel_executor.executor.parallel DEBUG run_until_complete finished with '0'
[1.921s] colcon.colcon_core.event_reactor DEBUG joining thread
[1.926s] colcon.colcon_core.plugin_system INFO Skipping extension 'colcon_notification.desktop_notification.terminal_notifier': Not used on non-Darwin systems
[1.926s] colcon.colcon_core.plugin_system INFO Skipping extension 'colcon_notification.desktop_notification.win32': Not used on non-Windows systems
[1.926s] colcon.colcon_notification.desktop_notification INFO Sending desktop notification using 'notify2'
[1.936s] colcon.colcon_core.event_reactor DEBUG joined thread
[1.936s] colcon.colcon_core.shell INFO Creating prefix script '/home/csenge/Documents/mecanumbot_ws/src/mecanumbot_behaviours/mecanumbot_autoslam/install/local_setup.ps1'
[1.937s] colcon.colcon_core.shell INFO Creating prefix util module '/home/csenge/Documents/mecanumbot_ws/src/mecanumbot_behaviours/mecanumbot_autoslam/install/_local_setup_util_ps1.py'
[1.938s] colcon.colcon_core.shell INFO Creating prefix chain script '/home/csenge/Documents/mecanumbot_ws/src/mecanumbot_behaviours/mecanumbot_autoslam/install/setup.ps1'
[1.940s] colcon.colcon_core.shell INFO Creating prefix script '/home/csenge/Documents/mecanumbot_ws/src/mecanumbot_behaviours/mecanumbot_autoslam/install/local_setup.sh'
[1.940s] colcon.colcon_core.shell INFO Creating prefix util module '/home/csenge/Documents/mecanumbot_ws/src/mecanumbot_behaviours/mecanumbot_autoslam/install/_local_setup_util_sh.py'
[1.940s] colcon.colcon_core.shell INFO Creating prefix chain script '/home/csenge/Documents/mecanumbot_ws/src/mecanumbot_behaviours/mecanumbot_autoslam/install/setup.sh'
[1.941s] colcon.colcon_core.shell INFO Creating prefix script '/home/csenge/Documents/mecanumbot_ws/src/mecanumbot_behaviours/mecanumbot_autoslam/install/local_setup.bash'
[1.942s] colcon.colcon_core.shell INFO Creating prefix chain script '/home/csenge/Documents/mecanumbot_ws/src/mecanumbot_behaviours/mecanumbot_autoslam/install/setup.bash'
[1.943s] colcon.colcon_core.shell INFO Creating prefix script '/home/csenge/Documents/mecanumbot_ws/src/mecanumbot_behaviours/mecanumbot_autoslam/install/local_setup.zsh'
[1.943s] colcon.colcon_core.shell INFO Creating prefix chain script '/home/csenge/Documents/mecanumbot_ws/src/mecanumbot_behaviours/mecanumbot_autoslam/install/setup.zsh'
